============================================================
DMRS GRID FIGURE GENERATED
============================================================
Config used:       /home/rsadve1/scratch/Extended_UPAIR_Narval_b32m16_portable/configs/twc_comprehensive_mu32_base_narval_stageB_locked_bleronly_compiled_mb16.yaml
Extraction mode:   actual_pusch_config_dmrs_grid
PNG:               /home/rsadve1/scratch/Extended_UPAIR_Narval_b32m16_portable/TWC_plots_comprehensive/comprehensive_plots/dmrs_grid_4users_14sym_12sc.png
PDF:               /home/rsadve1/scratch/Extended_UPAIR_Narval_b32m16_portable/TWC_plots_comprehensive/comprehensive_plots/dmrs_grid_4users_14sym_12sc.pdf
CSV:               /home/rsadve1/scratch/Extended_UPAIR_Narval_b32m16_portable/TWC_plots_comprehensive/comprehensive_plots/dmrs_grid_4users_14sym_12sc_values.csv
Report:            /home/rsadve1/scratch/Extended_UPAIR_Narval_b32m16_portable/TWC_plots_comprehensive/comprehensive_plots/dmrs_grid_4users_14sym_12sc_report.txt

First DMRS values:
  user=1 port=[0] sym=2 sc=0 value=+1.22+1.22j
  user=1 port=[0] sym=2 sc=1 value=+1.22+1.22j
  user=1 port=[0] sym=2 sc=6 value=-1.22-1.22j
  user=1 port=[0] sym=2 sc=7 value=-1.22+1.22j
  user=2 port=[1] sym=2 sc=0 value=+1.22+1.22j
  user=2 port=[1] sym=2 sc=1 value=-1.22-1.22j
  user=2 port=[1] sym=2 sc=6 value=-1.22-1.22j
  user=2 port=[1] sym=2 sc=7 value=+1.22-1.22j
  user=3 port=[2] sym=2 sc=2 value=+1.22+1.22j
  user=3 port=[2] sym=2 sc=3 value=+1.22+1.22j
  user=3 port=[2] sym=2 sc=8 value=-1.22-1.22j
  user=3 port=[2] sym=2 sc=9 value=-1.22+1.22j
  user=4 port=[3] sym=2 sc=2 value=+1.22+1.22j
  user=4 port=[3] sym=2 sc=3 value=-1.22-1.22j
  user=4 port=[3] sym=2 sc=8 value=-1.22-1.22j
  user=4 port=[3] sym=2 sc=9 value=+1.22-1.22j
